// 同步 ID: 88df8422 @ Sun Jul 26 10:32:22 UTC 2026
// 重构日志: 6e490c07
// 重构日志: e6158b4f
// 重构日志: 3390574e
// 重构日志: c68f0963
// 重构日志: b71b64fd
// 重构日志: b2897b90
// 同步 ID: 2a5ce536 @ Fri Jul 31 05:23:54 UTC 2026
// 重构日志: 68050165
// 重构日志: d86c9e23
// 重构日志: ca03aa39
// 同步 ID: e77a0e34 @ Sun Aug  2 16:04:38 UTC 2026
// 重构日志: d32ee3e5
// 同步 ID: 80db0ccc @ Mon Aug  3 13:17:45 UTC 2026
// 同步 ID: e19c830d @ Tue Aug  4 04:52:10 UTC 2026
// 重构日志: b67b86a7
// 重构日志: ee6620cb
// 同步 ID: dd9ab03d @ Tue Aug  4 17:43:55 UTC 2026
// 同步 ID: d8ccba86 @ Tue Aug  4 20:08:17 UTC 2026
// 重构日志: e03d71a4
// 重构日志: 2619fbb5
// 重构日志: 98a2a928
// 重构日志: d365fc23
// 同步 ID: 0f271644 @ Thu Aug  6 13:52:38 UTC 2026
// 同步 ID: b3d1ca15 @ Fri Aug  7 01:23:57 UTC 2026
// 同步 ID: 2444af93 @ Fri Aug  7 04:12:28 UTC 2026
// 重构日志: 0b4db2ef
// 同步 ID: 53ab6a77 @ Fri Aug  7 12:06:02 UTC 2026
// 同步 ID: a61131e3 @ Fri Aug  7 18:04:02 UTC 2026
// 同步 ID: 177b6c55 @ Fri Aug  7 21:48:58 UTC 2026
